<details> <summary> <b>immortalwrt new commit log :rocket: </b> </summary>

SHA|Author|Date|Message
-|-|-|-
a5bb218f25|Tianling Shen|Thu Jan 22 12:27:27 2026 +0800|aic8800: fix read cpuid
f9de3d3f09|Tianling Shen|Thu Jan 22 12:15:10 2026 +0800|rtl8188eu: fix build with mac80211 6.18
a5a2aa6319|Tianling Shen|Thu Jan 22 12:05:51 2026 +0800|rtl8189es: bump to latest git HEAD
067e810328|Tianling Shen|Thu Jan 22 10:37:07 2026 +0800|rockchip: fix apply led patch for h28k
7093487798|Tianling Shen|Thu Jan 22 10:01:20 2026 +0800|Merge Official Source
46129bbbf5|Shiji Yang|Mon Jan 19 22:26:09 2026 +0800|mediatek: dts: mt7981: fix spi clocks
3462789923|Shiji Yang|Sat Jan 3 12:59:19 2026 +0800|mediatek: dts: mt7981: remove internal phy LED pinctrl
c9cae03d35|Shiji Yang|Fri Dec 19 19:39:55 2025 +0800|mediatek: dts: mt7981: add mediatek,wed-pcie syscon phandle
5e3e73c969|Shiji Yang|Fri Dec 19 19:39:55 2025 +0800|mediatek: dts: mt7981: load xhci phy efuse by default
0d13738ef4|Shiji Yang|Fri Dec 19 19:39:55 2025 +0800|mediatek: dts: mt7981: remove useless nodes
b4b12a8239|Caleb James DeLisle|Wed Jan 14 23:20:52 2026 +0000|econet: add clock/reset support
609deedd87|Tianling Shen|Tue Jan 20 10:12:12 2026 +0800|rockchip: fix set default serial_{addr,port} in boot script
a82738d83f|Paul Donald|Sun Jan 18 00:28:44 2026 +0100|ucode: update to Git 85922056ef7 (2026-01-16)
7e39a2d485|Markus Stockhausen|Mon Jan 12 17:56:31 2026 +0100|realtek: mdio: derive phy smi-bus from parent node
b948cc17b4|Markus Stockhausen|Wed Jan 7 12:16:53 2026 +0100|realtek: dts: convert devices to mdio bus 1-3

.....................

</details>
